// Jest Snapshot v1, https://goo.gl/fbAQLP

exports[`Header should match the snapshot with the data passed through 1`] = `
<header>
  <h1>
    Palette Picker
  </h1>
  <button
    className="generate-color-btn"
    onClick={[MockFunction]}
  >
    Generate New Palette
  </button>
</header>
`;
