// Jest Snapshot v1, https://goo.gl/fbAQLP

exports[`ProjectsContainer should match the snapshot with the data passed through 1`] = `
<section
  className="ProjectsContainer_section"
>
  <form>
    <label
      htmlFor="create-project"
    >
      Create a Project
    </label>
    <input
      autoComplete="off"
      id="create-project"
      name="name"
      onChange={[Function]}
      placeholder="Enter Name..."
      type="text"
      value=""
    />
    <button
      disabled={true}
      onClick={[Function]}
    >
      Submit Project Name
    </button>
  </form>
  <div
    className="error"
  />
  <div
    className="div_project-name-container"
  >
    <div
      className="div_buttons-container"
      key="0"
    >
      <button
        className="project-name"
        id="button_project-name"
        onClick={[Function]}
      >
        Winter
      </button>
      <button
        className="trash-btn"
        onClick={[Function]}
      >
        <FiTrash2
          className="trash-img-project"
        />
      </button>
    </div>
  </div>
</section>
`;
